
--- Start of generation ---
[02:26:30] Using logdir                                                         
           ~/.local/share/gptme/logs/2024-10-18-gptme-evals-openrouter--meta-lla
           ma--llama-3.1-405b-instruct-667106                                   
           Using workspace at                                                   
           ~/.local/share/gptme/logs/2024-10-18-gptme-evals-openrouter--meta-lla
           ma--llama-3.1-405b-instruct-667106/workspace                         
Skipped 1 hidden system messages, show with --show-hidden
--- ^^^ past messages ^^^ ---
User: initialize a git repository, write a main.py file, and commit it
Assistant: Thinking...                                                                                Assistant: Let's initialize a git repository, write a main.py file, and commit it.

First, we'll initialize a new git repository:
```shell
git init
```                                                                                

Preview
$ git init                                                                      

Initialized empty Git repository in /home/appuser/.local/share/gptme/logs/2024-10-18-gptme-evals-openrouter--meta-llama--llama-3.1-405b-instruct-667106/workspace/.git/

System: 
Ran command: `git init`

 `Initialized empty Git repository in 
/home/appuser/.local/share/gptme/logs/2024-10-18-gptme-evals-openrouter--meta-ll
ama--llama-3.1-405b-instruct-667106/workspace/.git/`
Assistant: Thinking...                                                                                Assistant: Now that the repository is initialized, let's create a new file called main.py:
```save main.py
print("Hello, World!")
```                                                                                Saving to main.py
System: Saved to main.py
Assistant: Thinking...                                                                                Assistant: 

Next, we'll add the main.py file to the git repository and commit it:
```shell
git add main.py
git commit -m "Initial commit"
```                                                                                
Preview
$ git add main.py                                                               
git commit -m "Initial commit"                                                  


[main (root-commit) 5026db2] Initial commit
 1 file changed, 1 insertion(+)
 create mode 100644 main.py

System: 
Ran command:
```bash
git add main.py
git commit -m "Initial commit"
```


```stdout
 Initial commit
 1 file changed, 1 insertion(+)
 create mode 100644 main.py
```
Assistant: Thinking...                                                                                Assistant: 

The main.py file has been successfully committed to the git repository.

Let's verify the commit by checking the git log:
```shell
git log
```                                                                                
Preview
$ git log                                                                       

commit 5026db2afa702a5e9a8146e440731e0fd66f723f
Author: gptme <gptme@superuserlabs.org>
Date:   Fri Oct 18 02:26:36 2024 +0000

    Initial commit

System: 
Ran command: `git log`


```stdout
commit 5026db2afa702a5e9a8146e440731e0fd66f723f
Author: gptme <gptme@superuserlabs.org>
Date:   Fri Oct 18 02:26:36 2024 +0000

    Initial commit
```
Assistant: Thinking...                                                                                Assistant: The git log confirms that the initial commit was successful.

Now that we have a git repository set up with a committed main.py file, we can start making changes and tracking them with git. What would you like to do next?                                                                                --- Finished generation ---

