
--- Start of generation ---
[02:26:09] Using logdir                                                         
           ~/.local/share/gptme/logs/2024-10-17-gptme-evals-anthropic--claude-3-
           5-sonnet-20240620-76687                                              
           Using workspace at                                                   
           ~/.local/share/gptme/logs/2024-10-17-gptme-evals-anthropic--claude-3-
           5-sonnet-20240620-76687/workspace                                    
Skipped 1 hidden system messages, show with --show-hidden
--- ^^^ past messages ^^^ ---
User: initialize a git repository, write a main.py file, and commit it
Assistant: Thinking...                                                                                Assistant: Certainly! I'll guide you through initializing a git repository, creating a main.py file, and committing it. Let's do this step by step.

<thinking>
1. Initialize a git repository
2. Create a main.py file with some basic Python code
3. Add the file to git
4. Commit the changes
</thinking>

Let's start by initializing a git repository:

```shell
git init
```                                                                                

Preview
$ git init                                                                      

Initialized empty Git repository in /home/appuser/.local/share/gptme/logs/2024-10-17-gptme-evals-anthropic--claude-3-5-sonnet-20240620-76687/workspace/.git/

System: 
Ran command: `git init`

 `Initialized empty Git repository in 
/home/appuser/.local/share/gptme/logs/2024-10-17-gptme-evals-anthropic--claude-3
-5-sonnet-20240620-76687/workspace/.git/`
Assistant: Thinking...                                                                                Assistant: Great! We've successfully initialized a new git repository. Now, let's create a main.py file with some basic Python code.

```shell
echo "def main():
    print('Hello, World!')

if __name__ == '__main__':
    main()" > main.py
```                                                                                
Preview
$ echo "def main():                                                             
    print('Hello, World!')                                                      
                                                                                
if __name__ == '__main__':                                                      
    main()" > main.py                                                           


System: 
Ran command:
```bash
echo "def main():
    print('Hello, World!')

if __name__ == '__main__':
    main()" > main.py
```

No output
Assistant: Thinking...                                                                                Assistant: Excellent! We've created a main.py file with a simple "Hello, World!" program. Now, let's verify the contents of the file:

```shell
cat main.py
```                                                                                
Preview
$ cat main.py                                                                   

def main():
    print('Hello, World!')

if __name__ == '__main__':
    main()

System: 
Ran command: `cat main.py`


```stdout
def main():
    print('Hello, World!')

if __name__ == '__main__':
    main()
```
Assistant: Thinking...                                                                                Assistant: Perfect! The main.py file has been created with the correct content. Now, let's add this file to git and commit it.

First, we'll add the file to git:

```shell
git add main.py
```                                                                                
Preview
$ git add main.py                                                               


System: 
Ran command: `git add main.py`

No output
Assistant: Thinking...                                                                                Assistant: Great! The file has been added to git's staging area. Now, let's commit the changes with a descriptive message:

```shell
git commit -m "Initial commit: Add main.py with Hello World program"
```                                                                                
Preview
$ git commit -m "Initial commit: Add main.py with Hello World program"          

[main (root-commit) 44d47f1] Initial commit: Add main.py with Hello World program
 1 file changed, 5 insertions(+)
 create mode 100644 main.py

System: 
Ran command: `git commit -m "Initial commit: Add main.py with Hello World 
program"`


```stdout
 Initial commit: Add main.py with Hello World program
 1 file changed, 5 insertions(+)
 create mode 100644 main.py
```
Assistant: Thinking...                                                                                Assistant: Excellent! We have successfully completed all the steps:

1. Initialized a git repository
2. Created a main.py file with a simple Python program
3. Added the file to git
4. Committed the changes

Let's verify the status of our repository:

```shell
git status
```                                                                                
Preview
$ git status                                                                    

On branch main
nothing to commit, working tree clean

System: 
Ran command: `git status`


```stdout
On branch main
nothing to commit, working tree clean
```
Assistant: Thinking...                                                                                Assistant: Perfect! The git status output confirms that we have successfully committed our changes and our working tree is clean. 

To summarize what we've accomplished:

1. We initialized a new git repository.
2. We created a main.py file with a simple "Hello, World!" Python program.
3. We added main.py to git's staging area.
4. We committed the file with a descriptive commit message.
5. We verified that our working tree is clean and there are no pending changes.

The repository is now set up with an initial commit containing the main.py file. You can continue to work on this project, adding more files or making changes to the existing file. Remember to commit your changes regularly as you develop your project further.

Is there anything else you'd like to do with this repository or any questions you have about the process we just completed?                                                                                --- Finished generation ---

